requesting all changes
adding changesets
adding manifests
adding file changes
updating to branch default
4 files updated, 0 files merged, 0 files removed, 0 files unresolved
requesting all changes
adding changesets
adding manifests
adding file changes
updating to branch default
4 files updated, 0 files merged, 0 files removed, 0 files unresolved
