No conduit host specified in config; disabling fastlog
No conduit host specified in config; disabling fbconduit
extension 'shelve' overrides commands: shelve unshelve
