verifying 78e965230a13 against file:///[\w/]*/testrepo-1@1 (re)
verifying 78e965230a13 against file:///[\w/]*/testrepo-1@1 (re)
verifying d51f46a715a1 against file:///[\w/]*/testrepo-1/trunk@3 (re)
verifying d51f46a715a1 against file:///[\w/]*/testrepo-1/trunk@3 (re)
