verifying c4dcdb393137 against file:///[\w/]*/testrepo-1/trunk@2 (re)
verifying 96b13d4b7db4 against file:///[\w/]*/testrepo-1/branches/badname@3 (re)
verifying c1795a0e0baf against file:///[\w/]*/testrepo-1/branches/feature@4 (re)
verifying c4dcdb393137 against file:///[\w/]*/testrepo-1/trunk@2 (re)
verifying 96b13d4b7db4 against file:///[\w/]*/testrepo-1/branches/badname@3 (re)
verifying c1795a0e0baf against file:///[\w/]*/testrepo-1/branches/feature@4 (re)
