Could not push revision 5cdb2c4d3ea4 because it had no changes in svn.
Could not push revision 5cdb2c4d3ea4 because it had no changes in svn.
