_crypt32.CertFreeCertificateChain needs explicit argtypes and restype
