  rev: 2 svnrev:
@
|
  rev: 1 svnrev:3
o
|
  rev: 0 svnrev:2
o


