---
source: metadata.rs
expression: "WireDirectoryMetadataRequest::arbitrary(&mut g)"

---
{"3":true,"4":true}
