---
source: complete_tree.rs
expression: "WireCompleteTreeRequest::arbitrary(&mut g)"

---
{"0":"erlvio/goxk/vl/qvjafti/vh/xha","1":[[175,25,36,58,55,101,239,1,100,81,21,29,1,4,212,7,211,178,104,186],[230,81,160,133,254,52,10,95,232,130,59,15,255,112,185,80,58,100,255,255],[178,51,90,83,215,163,208,194,73,31,251,99,255,236,0,239,140,183,249,132]],"3":1377840696971470705}
