---
source: metadata.rs
expression: "WireDirectoryMetadata::arbitrary(&mut g)"

---
{"0":[98,136,231,250,132,19,212,76,218,174,127,211,79,1,180,239,159,71,129,237,47,133,207,59,183,155,157,133,85,4,46,38],"4":5052938882619327297,"7":919751611747505239}
