---
source: mod.rs
expression: "WireKey::arbitrary(&mut g)"

---
{"0":"erlvio/goxk/vl/qvjafti/vh/xha","1":[38,85,25,36,58,55,101,239,1,100,81,21,29,1,4,212,7,211,178,104]}
