---
source: file.rs
expression: "WireUploadHgFilenodeRequest::arbitrary(&mut g)"

---
{"0":{"0":[229,136,231,250,132,19,212,76,218,174,127,211,79,1,180,239,159,71,129,237],"2":{"1":{"1":{"3":[59,183,155,157,133,85,4,46,38,85,25,36,58,55,101,239,1,100,81,21]}},"2":{"1":[1,4,212]}}}}
