---
source: metadata.rs
expression: "WireFileMetadata::arbitrary(&mut g)"
---
{"0":5452211403613372577,"3":8472530172997478856,"4":[132,19,212,76,218,174,127,211,79,1,180,239,159,71,129,237,47,133,207,59],"6":[155,157,133,85,4,46,38,85,25,36,58,55,101,239,1,100,81,21,29,1,4,212,7,211,178,104,186,230,81,160,133,254]}
