---
source: commit.rs
expression: "WireUploadHgChangeset::arbitrary(&mut g)"

---
{"1":[229,136,231,250,132,19,212,76,218,174,127,211,79,1,180,239,159,71,129,237],"2":{"2":[133,207,59,183,155,157,133,85,4,46,38,85,25,36,58,55,101,239,1,100],"3":[21,29,1],"4":7171884571288751686,"5":1472710612,"7":["gdqp/nhxnr/ixfpat/mw"]}}
