---
source: commit.rs
expression: "WireSnapshotState{}"

---
{}
