---
source: anyid.rs
expression: "WireLookupResponse::arbitrary(&mut g)"

---
{"1":5612343741886906158,"2":{"1":{"1":{"2":[250,132,19,212,76,218,174,127,211,79,1,180,239,159,71,129,237,47,133,207]}},"2":{"1":[59,183,155]}}}
