---
source: mod.rs
expression: "WireRepoPathBuf::arbitrary(&mut g)"

---
"erlvio/goxk/vl/qvjafti/vh/xha"
