---
source: mod.rs
expression: "WireEdenApiServerError::arbitrary(&mut g)"

---
{"1":"Â€"}
