---
source: tree.rs
expression: "WireUploadTreeResponse::arbitrary(&mut g)"

---
{"0":5612343741886906158,"1":{"1":{"1":{"5":[231,250,132,19,212,76,218,174,127,211,79,1,180,239,159,71,129,237,47,133,207,59,183,155,157,133,85,4,46,38,85,25]},"3":15574015762201919121},"2":{"1":[58]}}}
