---
source: tree.rs
expression: "WireTreeAttributesRequest::arbitrary(&mut g)"

---
{}
