---
source: commit.rs
expression: "WireEphemeralPrepareRequest::arbitrary(&mut g)"

---
{}
