---
source: file.rs
expression: "WireFileEntry::arbitrary(&mut g)"

---
{"0":{"0":"iffeun/atbfkhe/kleavor","1":[157,133,85,4,46,38,85,25,36,58,55,101,239,1,100,81,21,29,1,4]},"1":[136],"2":{"3":[[7,211,178,104,186,230,81,160,133,254,52,10,95,232,130,59,15,255,112,185],[80,58,100,255,255,178,51,90,83,215,163,208,194,73,31,251,99,255,236,0]]},"3":{"0":9035017501682502674,"1":5253493205450980070},"4":{"0":17791362045496289167,"1":[1,208,0,251,0,202,255,205,104,29,192,22,123,51,212,79,97,1,182,11,111,202,218,219,0,230,125,186,38,122,50,255],"2":[0,36,17,239,99,39,167,222,200,82,194,68,168,27,255,174,65,21,149,16],"3":[142,54,236,200,1,162,22,85,1,255,32,111,155,200,214,245,0,125,150,182,139,43,111,127,55,237,197,51,159,82,212,120]}}
