---
source: commit.rs
expression: "WireUploadHgChangesetsRequest::arbitrary(&mut g)"

---
{"1":[{"1":[136,231,250,132,19,212,76,218,174,127,211,79,1,180,239,159,71,129,237,47],"2":{"1":{"3":[[207,59,183,155,157,133,85,4,46,38,85,25,36,58,55,101,239,1,100,81],[21,29,1,4,212,7,211,178,104,186,230,81,160,133,254,52,10,95,232,130]]},"2":[59,15,255,112,185,80,58,100,255,255,178,51,90,83,215,163,208,194,73,31],"3":[19,255],"4":-8968904448395217943,"5":-2147483648,"6":[{"1":[140],"2":[60]},{"1":[132,1]}],"8":[0,202]}}]}
