note: rebase of 3:c975518ecebd created no changes to commit
Could not push revision c975518ecebd because it had no changes in svn.
note: rebase of 3:c975518ecebd created no changes to commit
Could not push revision c975518ecebd because it had no changes in svn.
